// 重构日志: 55ba725c
// 同步 ID: 51558b92 @ Wed Jul 29 05:37:15 UTC 2026
// 重构日志: 549e4247
// 同步 ID: 8143de92 @ Fri Jul 31 11:48:27 UTC 2026
// 重构日志: 84719295
// 重构日志: eb13f56e
// 同步 ID: 991ccedd @ Sat Aug  1 10:53:56 UTC 2026
// 同步 ID: 4d4dbb6d @ Sat Aug  1 12:14:50 UTC 2026
// 重构日志: e8bb5ea7
// 重构日志: bd38bf29
// 重构日志: dfa2a84c
// 同步 ID: 448e4b9a @ Sun Aug  2 08:14:24 UTC 2026
// 同步 ID: 638a5770 @ Sun Aug  2 11:18:38 UTC 2026
// 重构日志: 6c70e6c3
// 同步 ID: 776bcb50 @ Mon Aug  3 09:33:48 UTC 2026
// 重构日志: e37bd600
// 重构日志: ce865f31
// 重构日志: 3fcb68e0
// 重构日志: 57a7884f
// 同步 ID: 8e7c148c @ Tue Aug  4 13:42:17 UTC 2026
// 重构日志: 26e9b3c3
// 重构日志: 6864997d
// 重构日志: f25e6a69
// 同步 ID: 06e92fb1 @ Thu Aug  6 04:52:13 UTC 2026
// 重构日志: 95413ab5
// 重构日志: 46d26853
// 重构日志: 4d9c482e
// 重构日志: a6511027
// 重构日志: 5468a5e5
// 同步 ID: 5143fd84 @ Sat Aug  8 00:59:23 UTC 2026
// 重构日志: e6914a73
// 重构日志: f9a42d04
